package opnsense // import "github.com/EvilBit-Labs/opnDossier/pkg/parser/opnsense"

Package opnsense provides an OPNsense-specific parser and converter
that transforms schema.OpnSenseDocument (pkg/schema/opnsense) into the
platform-agnostic common.CommonDevice (pkg/model). The bracketed names match the
import aliases used in this file.

# Registration

This package self-registers its Parser with the global parser.DefaultRegistry
under the device type name "opnsense" from an init() function. Consumers that
want the OPNsense parser available through parser.Factory must add a blank
import:

    import _ "github.com/EvilBit-Labs/opnDossier/pkg/parser/opnsense"

See parser for the full registration contract.

# Dependencies

This package has no internal/ dependencies in production code;
it depends only on other public pkg/ packages plus the standard library.
The parser.OPNsenseXMLDecoder is injected at construction so this package
can stay on the public pkg/ side of the import boundary while still using the
internal/cfgparser decoder when wired from the CLI layer.

VARIABLES

var ErrNilDocument = errors.New("opnsense converter: received nil document")
    ErrNilDocument is returned when ToCommonDevice receives a nil document.


FUNCTIONS

func ConvertDocument(doc *schema.OpnSenseDocument) (*common.CommonDevice, []common.ConversionWarning, error)
    ConvertDocument transforms a parsed OpnSenseDocument into a
    platform-agnostic CommonDevice along with any non-fatal conversion warnings.
    This is a convenience function that creates a fresh converter internally.

func NewParserFactory(decoder parser.OPNsenseXMLDecoder) parser.DeviceParser
    NewParserFactory returns a new DeviceParser configured for OPNsense
    devices. It satisfies the factory function signature required by
    DeviceParserRegistry.


TYPES

type Parser struct {
	// Has unexported fields.
}
    Parser implements the DeviceParser interface for OPNsense configuration
    files. The XML decoder is injected at construction to keep this package free
    of internal/ imports.

func NewParser(decoder parser.OPNsenseXMLDecoder) *Parser
    NewParser returns a new OPNsense Parser backed by the given XML decoder.
    The decoder is typically cfgparser.NewXMLParser(), wired at the application
    layer.

func (p *Parser) Parse(ctx context.Context, r io.Reader) (*common.CommonDevice, []common.ConversionWarning, error)
    Parse reads an OPNsense XML configuration from r (structural parsing only,
    no semantic validation) and returns a platform-agnostic CommonDevice along
    with any non-fatal conversion warnings.

func (p *Parser) ParseAndValidate(
	ctx context.Context,
	r io.Reader,
) (*common.CommonDevice, []common.ConversionWarning, error)
    ParseAndValidate reads an OPNsense XML configuration from r, runs both
    structural parsing and semantic validation, and returns a platform-agnostic
    CommonDevice along with any non-fatal conversion warnings.

