package pfsense // import "github.com/EvilBit-Labs/opnDossier/pkg/parser/pfsense"

Package pfsense provides a pfSense-specific parser and converter that transforms
pfsense.Document (pkg/schema/pfsense, imported without an alias and therefore
not usable as a doc-link target within this package) into the platform-agnostic
common.CommonDevice (pkg/model). The bracketed name matches the import alias
used in this file.

# Registration

This package self-registers its Parser with the global parser.DefaultRegistry
under the device type name "pfsense" from an init() function. Consumers that
want the pfSense parser available through parser.Factory must add a blank
import:

    import _ "github.com/EvilBit-Labs/opnDossier/pkg/parser/pfsense"

See parser for the full registration contract.

# Self-managed XML decoding

Unlike the OPNsense parser, this package does not use the
injected parser.OPNsenseXMLDecoder because that interface returns
*opnsense.OpnSenseDocument (pkg/schema/opnsense), which is incompatible with
pfsense.Document. The OPNsenseXMLDecoder parameter on NewParser is accepted
but ignored — it exists so that NewParserFactory (the function registered
with parser.DefaultRegistry) matches the parser.ConstructorFunc signature.
pfSense input is decoded internally with the shared security-hardened decoder
from parser.NewSecureXMLDecoder.

# Validation injection

Semantic validation lives in internal/validator, which pkg/ cannot import
directly. ValidateFunc is the injection point: set it once at startup
from cmd/ (or an equivalent composition root) to wire validation into
Parser.ParseAndValidate. When ValidateFunc is nil, ParseAndValidate falls back
to structural parsing only, which is the safe default for library consumers that
do not want to couple to opnDossier's validator.

# Dependencies

This package has no internal/ dependencies in production code; it depends only
on other public pkg/ packages (pkg/model, pkg/parser, pkg/schema/pfsense,
and pkg/schema/opnsense — the latter supplies shared DHCP/Unbound types reused
by the converters) plus the standard library.

VARIABLES

var ErrNilDocument = errors.New("pfsense converter: received nil document")
    ErrNilDocument is returned when ToCommonDevice receives a nil document.

var ValidateFunc func(doc *pfsense.Document) error
    ValidateFunc is a function that validates a parsed pfSense document and
    returns an error if validation fails. Set this package-level variable from
    the cmd layer to inject internal/validator without violating pkg/ purity.
    When nil, ParseAndValidate falls back to structural parsing only.


FUNCTIONS

func ConvertDocument(doc *pfsense.Document) (*common.CommonDevice, []common.ConversionWarning, error)
    ConvertDocument transforms a parsed pfSense Document into a
    platform-agnostic CommonDevice along with any non-fatal conversion warnings.
    This is a convenience function that creates a fresh converter internally.

func NewParserFactory(decoder parser.OPNsenseXMLDecoder) parser.DeviceParser
    NewParserFactory returns a new DeviceParser configured for pfSense
    devices. It satisfies the factory function signature required by
    DeviceParserRegistry.


TYPES

type Parser struct {
	// Has unexported fields.
}
    Parser implements the DeviceParser interface for pfSense configuration
    files. It manages its own XML decoding because the shared OPNsenseXMLDecoder
    returns *schema.OpnSenseDocument which is incompatible with
    pfsense.Document.

func NewParser(_ parser.OPNsenseXMLDecoder) *Parser
    NewParser returns a new pfSense Parser. The decoder parameter is accepted
    for compatibility with the ConstructorFunc signature but is not used because
    pfSense requires its own XML decoding pipeline.

func (p *Parser) Parse(ctx context.Context, r io.Reader) (*common.CommonDevice, []common.ConversionWarning, error)
    Parse reads a pfSense XML configuration from r (structural parsing only,
    no semantic validation) and returns a platform-agnostic CommonDevice along
    with any non-fatal conversion warnings.

func (p *Parser) ParseAndValidate(
	ctx context.Context,
	r io.Reader,
) (*common.CommonDevice, []common.ConversionWarning, error)
    ParseAndValidate reads a pfSense XML configuration from r, runs structural
    parsing and semantic validation, and returns a platform-agnostic
    CommonDevice along with any non-fatal conversion warnings. If ValidateFunc
    has not been set (e.g., by cmd/root.go), falls back to structural parsing
    only.

